todo 69
fail DX-Y.NYB type NoneType doesn't define __round__ method
76
^GSPC {'symbol': '^GSPC', 'price': 7773.95, 'open': 7730.86, 'high': 7794.35, 'low': 7727.59, 'volume': 3473000000, 'prev': 7722.72, 'change': 51.23, 'pct': 0.66, 'timestamp': 1791207000, 'date': '2026-10-05', '5d': 1.17, '1m': 1.31}
^IXIC {'symbol': '^IXIC', 'price': 27477.31, 'open': 27225.93, 'high': 27544.06, 'low': 27223.49, 'volume': 7042231000, 'prev': 27190.86, 'change': 286.45, 'pct': 1.05, 'timestamp': 1791207000, 'date': '2026-10-05', '5d': 2.45, '1m': 4.0}
^DJI {'symbol': '^DJI', 'price': 51267.9, 'open': 51199.25, 'high': 51404.86, 'low': 50862.85, 'volume': 472444498, 'prev': 51176.96, 'change': 90.94, 'pct': 0.18, 'timestamp': 1791207000, 'date': '2026-10-05', '5d': -0.41, '1m': -2.88}
^NDX {'symbol': '^NDX', 'price': 31076.44, 'open': 30812.76, 'high': 31117.36, 'low': 30798.42, 'volume': 1551880000, 'prev': 30807.93, 'change': 268.51, 'pct': 0.87, 'timestamp': 1791207000, 'date': '2026-10-05', '5d': 2.64, '1m': 5.32}
^RUT {'symbol': '^RUT', 'price': 2847.14, 'open': 2834.23, 'high': 2859.13, 'low': 2821.63, 'volume': 0, 'prev': 2832.9, 'change': 14.24, 'pct': 0.5, 'timestamp': 1791207000, 'date': '2026-10-05', '5d': 1.04, '1m': -3.82}
^SOX {'symbol': '^SOX', 'price': 13172.74, 'open': 13148.84, 'high': 13179.71, 'low': 13004.67, 'volume': 0, 'prev': 13136.67, 'change': 36.07, 'pct': 0.27, 'timestamp': 1791207000, 'date': '2026-10-05', '5d': 5.68, '1m': 10.81}
^VIX {'symbol': '^VIX', 'price': 15.52, 'open': 16.24, 'high': 16.38, 'low': 15.48, 'volume': 0, 'prev': 15.31, 'change': 0.21, 'pct': 1.37, 'timestamp': 1791183600, 'date': '2026-10-05', '5d': -3.42, '1m': 1.44}
^TNX {'symbol': '^TNX', 'price': 5.31, 'open': 5.27, 'high': 5.35, 'low': 5.26, 'volume': 0, 'prev': 5.28, 'change': 0.03, 'pct': 0.64, 'timestamp': 1791202800, 'date': '2026-10-05', '5d': 1.35, '1m': 10.51}
^TYX {'symbol': '^TYX', 'price': 5.66, 'open': 5.63, 'high': 5.7, 'low': 5.62, 'volume': 0, 'prev': 5.63, 'change': 0.03, 'pct': 0.62, 'timestamp': 1791202800, 'date': '2026-10-05', '5d': 1.87, '1m': 7.62}
^FVX {'symbol': '^FVX', 'price': 5.07, 'open': 5.05, 'high': 5.1, 'low': 5.04, 'volume': 0, 'prev': 5.05, 'change': 0.01, 'pct': 0.22, 'timestamp': 1791202800, 'date': '2026-10-05', '5d': -0.04, '1m': 10.78}
^IRX {'symbol': '^IRX', 'price': 4.02, 'open': 3.99, 'high': 4.03, 'low': 3.99, 'volume': 0, 'prev': 3.99, 'change': 0.03, 'pct': 0.63, 'timestamp': 1791202800, 'date': '2026-10-05', '5d': -0.96, '1m': 6.44}
GC=F {'symbol': 'GC=F', 'price': 4161.9, 'open': 4169.2, 'high': 4172.5, 'low': 4160.8, 'volume': 2193, 'prev': 4162.3, 'change': -0.4, 'pct': -0.01, 'timestamp': 1791172800, 'date': '2026-10-05', '5d': -0.16, '1m': -6.24}
CL=F {'symbol': 'CL=F', 'price': 89.18, 'open': 89.27, 'high': 89.36, 'low': 89.14, 'volume': 1360, 'prev': 91.11, 'change': -1.93, 'pct': -2.12, 'timestamp': 1791172800, 'date': '2026-10-05', '5d': -3.69, '1m': -4.14}
BZ=F {'symbol': 'BZ=F', 'price': 100.24, 'open': 100.26, 'high': 100.4, 'low': 100.21, 'volume': 55, 'prev': 102.25, 'change': -2.01, 'pct': -1.97, 'timestamp': 1791172800, 'date': '2026-10-05', '5d': -4.79, '1m': 2.37}
BTC-USD {'symbol': 'BTC-USD', 'price': 85784.2, 'open': 85784.2, 'high': 85784.2, 'low': 85784.2, 'volume': None, 'prev': 86480.3, 'change': -696.1, 'pct': -0.8, 'timestamp': 1791158400, 'date': '2026-10-05', '5d': 2.67, '1m': 6.76}
ETH-USD {'symbol': 'ETH-USD', 'price': 2711.66, 'open': 2711.66, 'high': 2711.66, 'low': 2711.66, 'volume': None, 'prev': 2726.51, 'change': -14.85, 'pct': -0.54, 'timestamp': 1791158400, 'date': '2026-10-05', '5d': 1.04, '1m': 7.84}
DX-Y.NYB None
SPY {'symbol': 'SPY', 'price': 774.83, 'open': 769.69, 'high': 776.6, 'low': 769.69, 'volume': 44092056, 'prev': 769.64, 'change': 5.19, 'pct': 0.67, 'timestamp': 1791207000, 'date': '2026-10-05', '5d': 1.2, '1m': 1.16}
QQQ {'symbol': 'QQQ', 'price': 756.2, 'open': 749.34, 'high': 756.91, 'low': 749.08, 'volume': 25442148, 'prev': 749.58, 'change': 6.62, 'pct': 0.88, 'timestamp': 1791207000, 'date': '2026-10-05', '5d': 2.67, '1m': 5.27}
